﻿
> frontend@0.0.0 build
> vite build

[36mvite v8.0.8 [32mbuilding client environment for production...[36m[39m
[2K
transforming...Ô£ô 38 modules transformed.
node.exe : [31mÔ£ù[39m Build failed in 696ms
In riga:1 car:1
+ & "C:\Program Files\nodejs/node.exe" "C:\Users\ionvl\AppData\Roaming\ ...
+ ~~~~~~~~~~~~~~~~~~~~~~~~~~~~~~~~~~~~~~~~~~~~~~~~~~~~~~~~~~~~~~~~~~~~~
    + CategoryInfo          : NotSpecified: ([31mÔ£ù[39m Build failed in 696 
   ms:String) [], RemoteException
    + FullyQualifiedErrorId : NativeCommandError
 
[31merror during build:
[31mBuild failed with 1 error:

[plugin @rolldown/plugin-babel] C:/Users/ionvl/Desktop/PocketPark/frontend/src/
components/maps/search.jsx:150:38
RolldownError: [BabelError] 
C:\Users\ionvl\Desktop\PocketPark\frontend\src\components\maps\search.jsx: 
Unexpected token, expected "," (150:38)

[0m [90m 148 |[31m 			[36mfor[31m ([36mconst[31m candidate [36mof[31m 
buildFallbackQueries(searchText)) {
 [90m 149 |[31m 				[36mconst[31m response [33m=[31m [36mawait[31m 
fetch(buildSearchUrl(candidate[33m,[31m [36mfalse[31m)[33m,[31m {
[31m[1m>[22m[31m[90m 150 |[31m                         [36mif[31m 
(fetchError[33m?[31m[33m.[31mname [33m===[31m [32m'AbortError'[31m) {
 [90m     |[31m                                       [31m[1m^[22m[31m
 [90m 151 |[31m                                 [36mreturn[31m[33m;[31m
 [90m 152 |[31m                         }
 [90m 153 |[31m[0m
    at error (file:///C:/Users/ionvl/Desktop/PocketPark/frontend/node_modules/r
olldown/dist/shared/logs-D80CXhvg.mjs:147:24)
    at TransformPluginContextImpl.error (file:///C:/Users/ionvl/Desktop/PocketP
ark/frontend/node_modules/rolldown/dist/shared/bindingify-input-options-DYpBf1O
G.mjs:1033:10)
    at TransformPluginContextImpl.handler (file:///C:/Users/ionvl/Desktop/Pocke
tPark/frontend/node_modules/@rolldown/plugin-babel/dist/index.mjs:404:11)
    at async plugin (file:///C:/Users/ionvl/Desktop/PocketPark/frontend/node_mo
dules/rolldown/dist/shared/bindingify-input-options-DYpBf1OG.mjs:1172:16)
    at async plugin.<computed> (file:///C:/Users/ionvl/Desktop/PocketPark/front
end/node_modules/rolldown/dist/shared/bindingify-input-options-DYpBf1OG.mjs:163
6:12)
Caused by:
  SyntaxError: 
C:\Users\ionvl\Desktop\PocketPark\frontend\src\components\maps\search.jsx: 
Unexpected token, expected "," (150:38)
  
  [0m [90m 148 |[31m 			[36mfor[31m ([36mconst[31m candidate 
[36mof[31m buildFallbackQueries(searchText)) {
   [90m 149 |[31m 				[36mconst[31m response [33m=[31m [36mawait[31m 
fetch(buildSearchUrl(candidate[33m,[31m [36mfalse[31m)[33m,[31m {
  [31m[1m>[22m[31m[90m 150 |[31m                         [36mif[31m 
(fetchError[33m?[31m[33m.[31mname [33m===[31m [32m'AbortError'[31m) {
   [90m     |[31m                                       [31m[1m^[22m[31m
   [90m 151 |[31m                                 [36mreturn[31m[33m;[31m
   [90m 152 |[31m                         }
   [90m 153 |[31m[0m
      at constructor (C:\Users\ionvl\Desktop\PocketPark\frontend\node_modules\@
babel\parser\lib\index.js:365:19)
      at JSXParserMixin.raise (C:\Users\ionvl\Desktop\PocketPark\frontend\node_
modules\@babel\parser\lib\index.js:6599:19)
      at JSXParserMixin.unexpected (C:\Users\ionvl\Desktop\PocketPark\frontend\
node_modules\@babel\parser\lib\index.js:6619:16)
      at JSXParserMixin.expect (C:\Users\ionvl\Desktop\PocketPark\frontend\node
_modules\@babel\parser\lib\index.js:6899:12)
      at JSXParserMixin.parseBindingList (C:\Users\ionvl\Desktop\PocketPark\fro
ntend\node_modules\@babel\parser\lib\index.js:7366:14)
      at JSXParserMixin.parseFunctionParams (C:\Users\ionvl\Desktop\PocketPark\
frontend\node_modules\@babel\parser\lib\index.js:13461:24)
      at JSXParserMixin.parseMethod (C:\Users\ionvl\Desktop\PocketPark\frontend
\node_modules\@babel\parser\lib\index.js:12043:10)
      at JSXParserMixin.parseObjectMethod (C:\Users\ionvl\Desktop\PocketPark\fr
ontend\node_modules\@babel\parser\lib\index.js:11944:19)
      at JSXParserMixin.parseObjPropValue (C:\Users\ionvl\Desktop\PocketPark\fr
ontend\node_modules\@babel\parser\lib\index.js:11978:23)
      at JSXParserMixin.parsePropertyDefinition (C:\Users\ionvl\Desktop\PocketP
ark\frontend\node_modules\@babel\parser\lib\index.js:11915:17)
      at JSXParserMixin.parseObjectLike (C:\Users\ionvl\Desktop\PocketPark\fron
tend\node_modules\@babel\parser\lib\index.js:11832:21)
      at JSXParserMixin.parseExprAtom (C:\Users\ionvl\Desktop\PocketPark\fronte
nd\node_modules\@babel\parser\lib\index.js:11339:23)
      at JSXParserMixin.parseExprAtom (C:\Users\ionvl\Desktop\PocketPark\fronte
nd\node_modules\@babel\parser\lib\index.js:4764:20)
      at JSXParserMixin.parseExprSubscripts (C:\Users\ionvl\Desktop\PocketPark\
frontend\node_modules\@babel\parser\lib\index.js:11081:23)
      at JSXParserMixin.parseUpdate (C:\Users\ionvl\Desktop\PocketPark\frontend
\node_modules\@babel\parser\lib\index.js:11066:21)
      at JSXParserMixin.parseMaybeUnary (C:\Users\ionvl\Desktop\PocketPark\fron
tend\node_modules\@babel\parser\lib\index.js:11046:23)
      at JSXParserMixin.parseMaybeUnaryOrPrivate (C:\Users\ionvl\Desktop\Pocket
Park\frontend\node_modules\@babel\parser\lib\index.js:10899:61)
      at JSXParserMixin.parseExprOps (C:\Users\ionvl\Desktop\PocketPark\fronten
d\node_modules\@babel\parser\lib\index.js:10904:23)
      at JSXParserMixin.parseMaybeConditional (C:\Users\ionvl\Desktop\PocketPar
k\frontend\node_modules\@babel\parser\lib\index.js:10881:23)
      at JSXParserMixin.parseMaybeAssign (C:\Users\ionvl\Desktop\PocketPark\fro
ntend\node_modules\@babel\parser\lib\index.js:10831:21)
      at C:\Users\ionvl\Desktop\PocketPark\frontend\node_modules\@babel\parser\
lib\index.js:10800:39
      at JSXParserMixin.allowInAnd (C:\Users\ionvl\Desktop\PocketPark\frontend\
node_modules\@babel\parser\lib\index.js:12426:12)
      at JSXParserMixin.parseMaybeAssignAllowIn (C:\Users\ionvl\Desktop\PocketP
ark\frontend\node_modules\@babel\parser\lib\index.js:10800:17)
      at JSXParserMixin.parseMaybeAssignAllowInOrVoidPattern (C:\Users\ionvl\De
sktop\PocketPark\frontend\node_modules\@babel\parser\lib\index.js:12493:17)
      at JSXParserMixin.parseExprListItem (C:\Users\ionvl\Desktop\PocketPark\fr
ontend\node_modules\@babel\parser\lib\index.js:12175:18)
      at JSXParserMixin.parseCallExpressionArguments (C:\Users\ionvl\Desktop\Po
cketPark\frontend\node_modules\@babel\parser\lib\index.js:11252:22)
      at JSXParserMixin.parseCoverCallAndAsyncArrowHead (C:\Users\ionvl\Desktop
\PocketPark\frontend\node_modules\@babel\parser\lib\index.js:11186:29)
      at JSXParserMixin.parseSubscript (C:\Users\ionvl\Desktop\PocketPark\front
end\node_modules\@babel\parser\lib\index.js:11120:19)
      at JSXParserMixin.parseSubscripts (C:\Users\ionvl\Desktop\PocketPark\fron
tend\node_modules\@babel\parser\lib\index.js:11094:19)
      at JSXParserMixin.parseExprSubscripts (C:\Users\ionvl\Desktop\PocketPark\
frontend\node_modules\@babel\parser\lib\index.js:11085:17)
      at JSXParserMixin.parseUpdate (C:\Users\ionvl\Desktop\PocketPark\frontend
\node_modules\@babel\parser\lib\index.js:11066:21)
      at JSXParserMixin.parseMaybeUnary (C:\Users\ionvl\Desktop\PocketPark\fron
tend\node_modules\@babel\parser\lib\index.js:11046:23)
      at JSXParserMixin.parseAwait (C:\Users\ionvl\Desktop\PocketPark\frontend\
node_modules\@babel\parser\lib\index.js:12278:28)
      at JSXParserMixin.parseMaybeUnary (C:\Users\ionvl\Desktop\PocketPark\fron
tend\node_modules\@babel\parser\lib\index.js:11015:25)
      at JSXParserMixin.parseMaybeUnaryOrPrivate (C:\Users\ionvl\Desktop\Pocket
Park\frontend\node_modules\@babel\parser\lib\index.js:10899:61)
      at JSXParserMixin.parseExprOps (C:\Users\ionvl\Desktop\PocketPark\fronten
d\node_modules\@babel\parser\lib\index.js:10904:23)
      at JSXParserMixin.parseMaybeConditional (C:\Users\ionvl\Desktop\PocketPar
k\frontend\node_modules\@babel\parser\lib\index.js:10881:23)
      at JSXParserMixin.parseMaybeAssign (C:\Users\ionvl\Desktop\PocketPark\fro
ntend\node_modules\@babel\parser\lib\index.js:10831:21)
      at C:\Users\ionvl\Desktop\PocketPark\frontend\node_modules\@babel\parser\
lib\index.js:10800:39
      at JSXParserMixin.allowInAnd (C:\Users\ionvl\Desktop\PocketPark\frontend\
node_modules\@babel\parser\lib\index.js:12421:16)
      at JSXParserMixin.parseMaybeAssignAllowIn (C:\Users\ionvl\Desktop\PocketP
ark\frontend\node_modules\@babel\parser\lib\index.js:10800:17)
      at JSXParserMixin.parseVar (C:\Users\ionvl\Desktop\PocketPark\frontend\no
de_modules\@babel\parser\lib\index.js:13384:91)
      at JSXParserMixin.parseVarStatement (C:\Users\ionvl\Desktop\PocketPark\fr
ontend\node_modules\@babel\parser\lib\index.js:13230:10)
      at JSXParserMixin.parseStatementContent (C:\Users\ionvl\Desktop\PocketPar
k\frontend\node_modules\@babel\parser\lib\index.js:12851:23)
      at JSXParserMixin.parseStatementLike (C:\Users\ionvl\Desktop\PocketPark\f
rontend\node_modules\@babel\parser\lib\index.js:12767:17)
      at JSXParserMixin.parseStatementListItem (C:\Users\ionvl\Desktop\PocketPa
rk\frontend\node_modules\@babel\parser\lib\index.js:12747:17)
      at JSXParserMixin.parseBlockOrModuleBlockBody (C:\Users\ionvl\Desktop\Poc
ketPark\frontend\node_modules\@babel\parser\lib\index.js:13316:61)
      at JSXParserMixin.parseBlockBody (C:\Users\ionvl\Desktop\PocketPark\front
end\node_modules\@babel\parser\lib\index.js:13309:10)
      at JSXParserMixin.parseBlock (C:\Users\ionvl\Desktop\PocketPark\frontend\
node_modules\@babel\parser\lib\index.js:13297:10)
      at JSXParserMixin.parseStatementContent (C:\Users\ionvl\Desktop\PocketPar
k\frontend\node_modules\@babel\parser\lib\index.js:12858:21)[31m
    at aggregateBindingErrorsIntoJsError (file:///C:/Users/ionvl/Desktop/Pocket
Park/frontend/node_modules/rolldown/dist/shared/error-w0u7biK-.mjs:48:18)
    at unwrapBindingResult (file:///C:/Users/ionvl/Desktop/PocketPark/frontend/
node_modules/rolldown/dist/shared/error-w0u7biK-.mjs:18:128)
    at #build (file:///C:/Users/ionvl/Desktop/PocketPark/frontend/node_modules/
rolldown/dist/shared/rolldown-build-DtGk-m96.mjs:3313:34)
    at async buildEnvironment (file:///C:/Users/ionvl/Desktop/PocketPark/fronte
nd/node_modules/vite/dist/node/chunks/node.js:32954:64)
    at async Object.build (file:///C:/Users/ionvl/Desktop/PocketPark/frontend/n
ode_modules/vite/dist/node/chunks/node.js:33376:19)
    at async Object.buildApp (file:///C:/Users/ionvl/Desktop/PocketPark/fronten
d/node_modules/vite/dist/node/chunks/node.js:33373:153)
    at async CAC.<anonymous> (file:///C:/Users/ionvl/Desktop/PocketPark/fronten
d/node_modules/vite/dist/node/cli.js:778:3) {
  errors: [Getter/Setter]
}[39m
